// Vitest Snapshot v1

exports[`word > 42 > adjective > noArgs 1`] = `"harmful"`;

exports[`word > 42 > adjective > with length = 10 1`] = `"illiterate"`;

exports[`word > 42 > adjective > with length = 20 1`] = `"harmful"`;

exports[`word > 42 > adjective > with options.length 1`] = `"illiterate"`;

exports[`word > 42 > adjective > with options.length and options.strategy 1`] = `"inconsequential"`;

exports[`word > 42 > adjective > with options.strategy 1`] = `"icy"`;

exports[`word > 42 > adverb > noArgs 1`] = `"jaggedly"`;

exports[`word > 42 > adverb > with length = 10 1`] = `"generously"`;

exports[`word > 42 > adverb > with length = 20 1`] = `"jaggedly"`;

exports[`word > 42 > adverb > with options.length 1`] = `"generously"`;

exports[`word > 42 > adverb > with options.length and options.strategy 1`] = `"enthusiastically"`;

exports[`word > 42 > adverb > with options.strategy 1`] = `"not"`;

exports[`word > 42 > conjunction > noArgs 1`] = `"instead"`;

exports[`word > 42 > conjunction > with length = 10 1`] = `"instead"`;

exports[`word > 42 > conjunction > with length = 20 1`] = `"instead"`;

exports[`word > 42 > conjunction > with options.length 1`] = `"instead"`;

exports[`word > 42 > conjunction > with options.length and options.strategy 1`] = `"consequently"`;

exports[`word > 42 > conjunction > with options.strategy 1`] = `"if"`;

exports[`word > 42 > interjection > noArgs 1`] = `"yahoo"`;

exports[`word > 42 > interjection > with length = 10 1`] = `"yahoo"`;

exports[`word > 42 > interjection > with length = 20 1`] = `"yahoo"`;

exports[`word > 42 > interjection > with options.length 1`] = `"yahoo"`;

exports[`word > 42 > interjection > with options.length and options.strategy 1`] = `"gadzooks"`;

exports[`word > 42 > interjection > with options.strategy 1`] = `"ah"`;

exports[`word > 42 > noun > noArgs 1`] = `"go-kart"`;

exports[`word > 42 > noun > with length = 10 1`] = `"federation"`;

exports[`word > 42 > noun > with length = 20 1`] = `"go-kart"`;

exports[`word > 42 > noun > with options.length 1`] = `"federation"`;

exports[`word > 42 > noun > with options.length and options.strategy 1`] = `"great-grandmother"`;

exports[`word > 42 > noun > with options.strategy 1`] = `"id"`;

exports[`word > 42 > preposition > noArgs 1`] = `"concerning"`;

exports[`word > 42 > preposition > with length = 10 1`] = `"throughout"`;

exports[`word > 42 > preposition > with length = 20 1`] = `"concerning"`;

exports[`word > 42 > preposition > with options.length 1`] = `"throughout"`;

exports[`word > 42 > preposition > with options.length and options.strategy 1`] = `"notwithstanding"`;

exports[`word > 42 > preposition > with options.strategy 1`] = `"a"`;

exports[`word > 42 > sample > noArgs 1`] = `"eek"`;

exports[`word > 42 > sample > with length = 10 1`] = `"eek"`;

exports[`word > 42 > sample > with length = 20 1`] = `"eek"`;

exports[`word > 42 > sample > with options.length 1`] = `"eek"`;

exports[`word > 42 > sample > with options.length and options.strategy 1`] = `"gadzooks"`;

exports[`word > 42 > sample > with options.strategy 1`] = `"aw"`;

exports[`word > 42 > verb > noArgs 1`] = `"fry"`;

exports[`word > 42 > verb > with length = 10 1`] = `"disqualify"`;

exports[`word > 42 > verb > with length = 20 1`] = `"fry"`;

exports[`word > 42 > verb > with options.length 1`] = `"disqualify"`;

exports[`word > 42 > verb > with options.length and options.strategy 1`] = `"hyperventilate"`;

exports[`word > 42 > verb > with options.strategy 1`] = `"cc"`;

exports[`word > 42 > words > noArgs 1`] = `"nobody stock"`;

exports[`word > 42 > words > with count = 10 1`] = `"eek loudly ankle abnormally aw harmony nor without conscientise mineshaft"`;

exports[`word > 42 > words > with count = 20 1`] = `"eek loudly ankle abnormally aw harmony nor without conscientise mineshaft potty till gadzooks yippee unfasten gaseous between offensive yowza house"`;

exports[`word > 42 > words > with options.count 1`] = `"eek loudly ankle abnormally aw harmony nor without conscientise mineshaft"`;

exports[`word > 42 > words > with options.count range 1`] = `"nobody stock across dreamily accurate cheer boo nexus loftily through digitise about when boohoo grind busily to grotesque beneath"`;

exports[`word > 1211 > adjective > noArgs 1`] = `"verifiable"`;

exports[`word > 1211 > adjective > with length = 10 1`] = `"verifiable"`;

exports[`word > 1211 > adjective > with length = 20 1`] = `"verifiable"`;

exports[`word > 1211 > adjective > with options.length 1`] = `"verifiable"`;

exports[`word > 1211 > adjective > with options.length and options.strategy 1`] = `"well-documented"`;

exports[`word > 1211 > adjective > with options.strategy 1`] = `"wet"`;

exports[`word > 1211 > adverb > noArgs 1`] = `"viciously"`;

exports[`word > 1211 > adverb > with length = 10 1`] = `"unbearably"`;

exports[`word > 1211 > adverb > with length = 20 1`] = `"viciously"`;

exports[`word > 1211 > adverb > with options.length 1`] = `"unbearably"`;

exports[`word > 1211 > adverb > with options.length and options.strategy 1`] = `"enthusiastically"`;

exports[`word > 1211 > adverb > with options.strategy 1`] = `"too"`;

exports[`word > 1211 > conjunction > noArgs 1`] = `"whoever"`;

exports[`word > 1211 > conjunction > with length = 10 1`] = `"whoever"`;

exports[`word > 1211 > conjunction > with length = 20 1`] = `"whoever"`;

exports[`word > 1211 > conjunction > with options.length 1`] = `"whoever"`;

exports[`word > 1211 > conjunction > with options.length and options.strategy 1`] = `"incidentally"`;

exports[`word > 1211 > conjunction > with options.strategy 1`] = `"so"`;

exports[`word > 1211 > interjection > noArgs 1`] = `"er"`;

exports[`word > 1211 > interjection > with length = 10 1`] = `"er"`;

exports[`word > 1211 > interjection > with length = 20 1`] = `"er"`;

exports[`word > 1211 > interjection > with options.length 1`] = `"er"`;

exports[`word > 1211 > interjection > with options.length and options.strategy 1`] = `"gadzooks"`;

exports[`word > 1211 > interjection > with options.strategy 1`] = `"um"`;

exports[`word > 1211 > noun > noArgs 1`] = `"transparency"`;

exports[`word > 1211 > noun > with length = 10 1`] = `"toothbrush"`;

exports[`word > 1211 > noun > with length = 20 1`] = `"transparency"`;

exports[`word > 1211 > noun > with options.length 1`] = `"toothbrush"`;

exports[`word > 1211 > noun > with options.length and options.strategy 1`] = `"revascularisation"`;

exports[`word > 1211 > noun > with options.strategy 1`] = `"id"`;

exports[`word > 1211 > preposition > noArgs 1`] = `"upon"`;

exports[`word > 1211 > preposition > with length = 10 1`] = `"underneath"`;

exports[`word > 1211 > preposition > with length = 20 1`] = `"upon"`;

exports[`word > 1211 > preposition > with options.length 1`] = `"underneath"`;

exports[`word > 1211 > preposition > with options.length and options.strategy 1`] = `"notwithstanding"`;

exports[`word > 1211 > preposition > with options.strategy 1`] = `"a"`;

exports[`word > 1211 > sample > noArgs 1`] = `"youthfully"`;

exports[`word > 1211 > sample > with length = 10 1`] = `"youthfully"`;

exports[`word > 1211 > sample > with length = 20 1`] = `"youthfully"`;

exports[`word > 1211 > sample > with options.length 1`] = `"youthfully"`;

exports[`word > 1211 > sample > with options.length and options.strategy 1`] = `"enthusiastically"`;

exports[`word > 1211 > sample > with options.strategy 1`] = `"too"`;

exports[`word > 1211 > verb > noArgs 1`] = `"tweak"`;

exports[`word > 1211 > verb > with length = 10 1`] = `"sympathize"`;

exports[`word > 1211 > verb > with length = 20 1`] = `"tweak"`;

exports[`word > 1211 > verb > with options.length 1`] = `"sympathize"`;

exports[`word > 1211 > verb > with options.length and options.strategy 1`] = `"hyperventilate"`;

exports[`word > 1211 > verb > with options.strategy 1`] = `"up"`;

exports[`word > 1211 > words > noArgs 1`] = `"although instantly though"`;

exports[`word > 1211 > words > with count = 10 1`] = `"youthfully woot speedily gracefully poorly inch aw control thirsty mortgage"`;

exports[`word > 1211 > words > with count = 20 1`] = `"youthfully woot speedily gracefully poorly inch aw control thirsty mortgage chip for moth mount romance consequently whether per upon but"`;

exports[`word > 1211 > words > with options.count 1`] = `"youthfully woot speedily gracefully poorly inch aw control thirsty mortgage"`;

exports[`word > 1211 > words > with options.count range 1`] = `"although instantly though which zowie retention except province friendly contest authorisation kindheartedly new complaint out perch intersect minus veneer excitedly"`;

exports[`word > 1337 > adjective > noArgs 1`] = `"fabulous"`;

exports[`word > 1337 > adjective > with length = 10 1`] = `"flickering"`;

exports[`word > 1337 > adjective > with length = 20 1`] = `"fabulous"`;

exports[`word > 1337 > adjective > with options.length 1`] = `"flickering"`;

exports[`word > 1337 > adjective > with options.length and options.strategy 1`] = `"black-and-white"`;

exports[`word > 1337 > adjective > with options.strategy 1`] = `"fat"`;

exports[`word > 1337 > adverb > noArgs 1`] = `"frankly"`;

exports[`word > 1337 > adverb > with length = 10 1`] = `"enormously"`;

exports[`word > 1337 > adverb > with length = 20 1`] = `"frankly"`;

exports[`word > 1337 > adverb > with options.length 1`] = `"enormously"`;

exports[`word > 1337 > adverb > with options.length and options.strategy 1`] = `"enthusiastically"`;

exports[`word > 1337 > adverb > with options.strategy 1`] = `"far"`;

exports[`word > 1337 > conjunction > noArgs 1`] = `"how"`;

exports[`word > 1337 > conjunction > with length = 10 1`] = `"how"`;

exports[`word > 1337 > conjunction > with length = 20 1`] = `"how"`;

exports[`word > 1337 > conjunction > with options.length 1`] = `"how"`;

exports[`word > 1337 > conjunction > with options.length and options.strategy 1`] = `"consequently"`;

exports[`word > 1337 > conjunction > with options.strategy 1`] = `"if"`;

exports[`word > 1337 > interjection > noArgs 1`] = `"ew"`;

exports[`word > 1337 > interjection > with length = 10 1`] = `"ew"`;

exports[`word > 1337 > interjection > with length = 20 1`] = `"ew"`;

exports[`word > 1337 > interjection > with options.length 1`] = `"ew"`;

exports[`word > 1337 > interjection > with options.length and options.strategy 1`] = `"gadzooks"`;

exports[`word > 1337 > interjection > with options.strategy 1`] = `"ah"`;

exports[`word > 1337 > noun > noArgs 1`] = `"downtown"`;

exports[`word > 1337 > noun > with length = 10 1`] = `"department"`;

exports[`word > 1337 > noun > with length = 20 1`] = `"downtown"`;

exports[`word > 1337 > noun > with options.length 1`] = `"department"`;

exports[`word > 1337 > noun > with options.length and options.strategy 1`] = `"great-grandmother"`;

exports[`word > 1337 > noun > with options.strategy 1`] = `"id"`;

exports[`word > 1337 > preposition > noArgs 1`] = `"barring"`;

exports[`word > 1337 > preposition > with length = 10 1`] = `"concerning"`;

exports[`word > 1337 > preposition > with length = 20 1`] = `"barring"`;

exports[`word > 1337 > preposition > with options.length 1`] = `"concerning"`;

exports[`word > 1337 > preposition > with options.length and options.strategy 1`] = `"notwithstanding"`;

exports[`word > 1337 > preposition > with options.strategy 1`] = `"a"`;

exports[`word > 1337 > sample > noArgs 1`] = `"nor"`;

exports[`word > 1337 > sample > with length = 10 1`] = `"nor"`;

exports[`word > 1337 > sample > with length = 20 1`] = `"nor"`;

exports[`word > 1337 > sample > with options.length 1`] = `"nor"`;

exports[`word > 1337 > sample > with options.length and options.strategy 1`] = `"consequently"`;

exports[`word > 1337 > sample > with options.strategy 1`] = `"if"`;

exports[`word > 1337 > verb > noArgs 1`] = `"disrespect"`;

exports[`word > 1337 > verb > with length = 10 1`] = `"decompress"`;

exports[`word > 1337 > verb > with length = 20 1`] = `"disrespect"`;

exports[`word > 1337 > verb > with options.length 1`] = `"decompress"`;

exports[`word > 1337 > verb > with options.length and options.strategy 1`] = `"hyperventilate"`;

exports[`word > 1337 > verb > with options.strategy 1`] = `"be"`;

exports[`word > 1337 > words > noArgs 1`] = `"although"`;

exports[`word > 1337 > words > with count = 10 1`] = `"nor brr instead anenst intently handmade lens sympathize veto regal"`;

exports[`word > 1337 > words > with count = 20 1`] = `"nor brr instead anenst intently handmade lens sympathize veto regal compile the where duh ugh excellence lean rudely pitch schedule"`;

exports[`word > 1337 > words > with options.count 1`] = `"nor brr instead anenst intently handmade lens sympathize veto regal"`;

exports[`word > 1337 > words > with options.count range 1`] = `"although within along limply lovingly elegantly improve mandarin underneath affectionate nor abhor oof within gosh against eject roust"`;
